<!DOCTYPE html>
<html lang="en">

<head>
   <meta charset="UTF-8">
   <meta name="viewport" content="width=device-width, initial-scale=1.0">
   <meta http-equiv="X-UA-Compatible" content="ie=edge">
   <title>Golden</title>
   <link rel="stylesheet" href="css/golden.css">
</head>

<body>
   <section class="section1">
      <header class="header wrapper">
         <a href="#" class="logo"><img src="img/Logo.png" alt="logo"></a>
         <ul class="nav">
            <li><a href="">home</a></li>
            <li><a href="#serv">services</a></li>
            <li><a href="">portfolio</a></li>
            <li><a href="">about</a></li>
            <li><a href="">contact</a></li>
         </ul>
      </header>

      <p class="section1text">Welcome To Our Studio!</p>
      <h1>Itâ€™s nice to Meet you</h1>
      <button class="btn">Tell Me More</button>

   </section>


   <section id="serv" class="section2 wrapper">
      <h2>servises</h2>
      <p class="section2text">Proin iaculis purus consequat sem cure. </p>
      <div class="section2box1">
         <p class="section2text1">E-Commerce</p>
         <p class="section2text2">Proin iaculis purus consequat sem cure 
               digni ssim. Donec porttitora entum suscipit 
               aenean rhoncus posuere odio in tincidunt.</p>
      </div>
      <div class="section2box2">
            <p class="section2text1">E-Commerce</p>
            <p class="section2text2">Proin iaculis purus consequat sem cure 
                  digni ssim. Donec porttitora entum suscipit 
                  aenean rhoncus posuere odio in tincidunt.</p>
         </div>
         <div class="section2box3">
               <p class="section2text1">E-Commerce</p>
               <p class="section2text2">Proin iaculis purus consequat sem cure 
                     digni ssim. Donec porttitora entum suscipit 
                     aenean rhoncus posuere odio in tincidunt.</p>
            </div>
   </section>


   <section class="section3 wrapper">
      <h2>Our portfolio</h2>
      <p class="section3text">Proin iaculis purus consequat sem cure. </p>
      <div class="section3box">
         <div class="section3pic"><img src="img/1.png" alt="men" class="section3img"></div>
         <p class="section3text1">Ebony & Ivory</p>
         <p class="section3text2">Branding</p>
      </div>
   </section>
</body>

</html>